This is ObjectTeX, Version 3.1415926-1.0 (TeX engine: Aspose.TeX 25.7) (preloaded format=objectlatex 2025.2.4)  12 Dec 2025 20:54
entering extended mode
**
(
LaTeX2e <2021-06-01> patch level 1
L3 programming layer <2021-07-12> (article.cls
Document Class: article 2021/02/12 v1.4n Standard LaTeX document class
(size10.clo
File: size10.clo 2021/02/12 v1.4n Standard LaTeX file (size option)
)
\c@part=\count181
\c@section=\count182
\c@subsection=\count183
\c@subsubsection=\count184
\c@paragraph=\count185
\c@subparagraph=\count186
\c@figure=\count187
\c@table=\count188
\abovecaptionskip=\skip47
\belowcaptionskip=\skip48
\bibindent=\dimen138
) (l3backend-objecttex.def
File: l3backend-objecttex.def 2021-07-12 L3 backend support: (Object TeX)
\l__color_backend_stack_int=\count189
\l__pdf_internal_box=\box50
)
(S:\Aspose\PAS\github.com\osubachevaspose\Aspose.PDF-for-.NET\Examples\CSharp\D
ata\AsposePDF\Convert\OtherToPdf\samplefile.aux)
LaTeX Font Info:    Checking defaults for OML/cmm/m/it on input line 3.
LaTeX Font Info:    ... okay on input line 3.
LaTeX Font Info:    Checking defaults for OMS/cmsy/m/n on input line 3.
LaTeX Font Info:    ... okay on input line 3.
LaTeX Font Info:    Checking defaults for OT1/cmr/m/n on input line 3.
LaTeX Font Info:    ... okay on input line 3.
LaTeX Font Info:    Checking defaults for T1/cmr/m/n on input line 3.
LaTeX Font Info:    ... okay on input line 3.
LaTeX Font Info:    Checking defaults for TS1/cmr/m/n on input line 3.
LaTeX Font Info:    ... okay on input line 3.
LaTeX Font Info:    Checking defaults for OMX/cmex/m/n on input line 3.
LaTeX Font Info:    ... okay on input line 3.
LaTeX Font Info:    Checking defaults for U/cmr/m/n on input line 3.
LaTeX Font Info:    ... okay on input line 3.
LaTeX Font Info:    External font `cmex10' loaded for size
(Font)              <12> on input line 7.
LaTeX Font Info:    External font `cmex10' loaded for size
(Font)              <8> on input line 7.
LaTeX Font Info:    External font `cmex10' loaded for size
(Font)              <6> on input line 7.
LaTeX Font Info:    External font `cmex10' loaded for size
(Font)              <7> on input line 14.
LaTeX Font Info:    External font `cmex10' loaded for size
(Font)              <5> on input line 14.
 [1

] [2]
(S:\Aspose\PAS\github.com\osubachevaspose\Aspose.PDF-for-.NET\Examples\CSharp\D
ata\AsposePDF\Convert\OtherToPdf\samplefile.aux) ) 
Here is how much of TeX's memory you used:
  strings out of 
  string characters out of 
  words of memory out of 
 18278 multiletter control sequences out of 
  words of font info for 41 fonts, out of  for 150
 14 hyphenation exceptions out of 307
 34i, 6n, 41p, b, 117s stack positions out of 5000i, 40n, 200p, b, 6000s

Output written on object model (2 pages).
